// Jest Snapshot v1, https://goo.gl/fbAQLP

exports[`<CreateLaunch /> renders correctly 1`] = `
<View
  style={
    Object {
      "height": "100%",
      "padding": 5,
      "width": "100%",
    }
  }
>
  <View
    accessible={true}
    focusable={false}
    onClick={[Function]}
    onResponderGrant={[Function]}
    onResponderMove={[Function]}
    onResponderRelease={[Function]}
    onResponderTerminate={[Function]}
    onResponderTerminationRequest={[Function]}
    onStartShouldSetResponder={[Function]}
    style={
      Object {
        "opacity": 1,
      }
    }
  >
    <View
      style={
        Object {
          "alignItems": "center",
        }
      }
    >
      <View
        style={
          Object {
            "borderWidth": 1,
            "height": 175,
            "marginTop": 50,
            "width": 175,
          }
        }
      />
      <Text>
        Click to add
      </Text>
    </View>
  </View>
  <View
    style={
      Object {
        "borderWidth": 1,
        "marginVertical": 10,
        "padding": 5,
      }
    }
  >
    <TextInput
      allowFontScaling={true}
      placeholder="Name..."
      rejectResponderTermination={true}
      style={Object {}}
      underlineColorAndroid="transparent"
    />
  </View>
  <View
    style={
      Object {
        "borderWidth": 1,
        "marginVertical": 10,
        "padding": 5,
      }
    }
  >
    <TextInput
      allowFontScaling={true}
      placeholder="Description..."
      rejectResponderTermination={true}
      style={Object {}}
      underlineColorAndroid="transparent"
    />
  </View>
  <View
    style={
      Object {
        "alignItems": "center",
        "flexDirection": "row",
        "justifyContent": "space-between",
      }
    }
  >
    <View
      accessible={true}
      focusable={true}
      onClick={[Function]}
      onResponderGrant={[Function]}
      onResponderMove={[Function]}
      onResponderRelease={[Function]}
      onResponderTerminate={[Function]}
      onResponderTerminationRequest={[Function]}
      onStartShouldSetResponder={[Function]}
      style={
        Object {
          "flex": 1,
          "opacity": 1,
        }
      }
    >
      <Text>
        Back
      </Text>
    </View>
    <View
      style={
        Object {
          "borderWidth": 1,
          "flex": 4,
        }
      }
    >
      <View
        accessibilityRole="button"
        accessibilityState={Object {}}
        accessible={true}
        focusable={true}
        onClick={[Function]}
        onResponderGrant={[Function]}
        onResponderMove={[Function]}
        onResponderRelease={[Function]}
        onResponderTerminate={[Function]}
        onResponderTerminationRequest={[Function]}
        onStartShouldSetResponder={[Function]}
        style={
          Object {
            "opacity": 1,
          }
        }
      >
        <View
          style={
            Array [
              Object {},
            ]
          }
        >
          <Text
            style={
              Array [
                Object {
                  "color": "#007AFF",
                  "fontSize": 18,
                  "margin": 8,
                  "textAlign": "center",
                },
              ]
            }
          >
            Submit
          </Text>
        </View>
      </View>
    </View>
  </View>
</View>
`;
