// Jest Snapshot v1, https://goo.gl/fbAQLP

exports[`<LaunchList /> renders correctly 1`] = `
<Text>
  Loading launches...
</Text>
`;
